// Jest Snapshot v1, https://goo.gl/fbAQLP

exports[`renders correctly and equal to snapshot 1`] = `
<div
  className="row justify-content-center mt-3"
>
  <div
    className="col-md-6"
  >
    <div
      className="alert alert-danger"
    >
      Something went wrong...
      <button
        className="close"
        type="button"
      >
        <span>
          Ã—
        </span>
      </button>
    </div>
  </div>
</div>
`;
