// Jest Snapshot v1, https://goo.gl/fbAQLP

exports[`renders correctly and equal to snapshot 1`] = `null`;
